// Jest Snapshot v1, https://goo.gl/fbAQLP

exports[`ConditionSummary matches snapshot: wrapper mount 1`] = `
.emotion-4 {
  display: -webkit-box;
  display: -webkit-flex;
  display: -ms-flexbox;
  display: flex;
  -webkit-box-pack: center;
  -webkit-justify-content: center;
  -ms-flex-pack: center;
  justify-content: center;
}

.emotion-1 {
  -webkit-box-flex: 1;
  -webkit-flex-grow: 1;
  -ms-flex-positive: 1;
  flex-grow: 1;
  text-align: left;
}

.emotion-0 {
  color: #768692;
}

.emotion-3 {
  text-align: right;
}

.emotion-2 {
  color: #231f20;
}

.emotion-7 {
  -webkit-box-flex: 1;
  -webkit-flex-grow: 1;
  -ms-flex-positive: 1;
  flex-grow: 1;
}

.emotion-5 {
  color: #231f20;
  text-align: left;
}

.emotion-6 {
  color: #768692;
  text-align: left;
  font-size: smaller;
  padding-top: 0.25rem;
}

.emotion-10 {
  text-align: right;
}

.emotion-9 {
  color: #768692;
  text-align: right;
  font-size: smaller;
  padding-top: 0.25rem;
}

<ConditionSummary
  conditions={
    Array [
      Object {
        "assertedDate": Object {
          "kind": "DATE",
          "value": "2020-02-01T00:00:00+00:00",
        },
        "category": Array [
          Object {
            "coding": Array [
              Object {
                "code": "55607006",
                "display": "Problem",
              },
            ],
            "text": "Problem",
          },
        ],
        "clinicalStatus": "ACTIVE",
        "code": Object {
          "coding": Array [
            Object {
              "code": "60123008",
              "display": "Delusional disorder, mixed type",
              "system": "HEALTHPLUG",
            },
          ],
          "text": "Delusional disorder, mixed type",
        },
        "id": "017ca927-67e0-e581-a2c7-115087226fg2|condition",
        "metadata": Object {
          "dataSources": Array [
            Object {
              "display": "Mock",
            },
          ],
          "isRedacted": true,
          "requestedWhen": "",
        },
        "severity": Object {
          "coding": Array [
            Object {
              "code": "2448400",
              "display": "Severe",
            },
          ],
          "text": "Severe",
        },
        "subject": Object {
          "display": "Mr Peter Humble",
          "typeName": "test",
        },
        "verificationStatus": "CONFIRMED",
      },
      Object {
        "assertedDate": Object {
          "kind": "DATE",
          "value": "2020-01-01T00:00:00+00:00",
        },
        "category": Array [
          Object {
            "coding": Array [
              Object {
                "code": "55607006",
                "display": "Problem",
              },
            ],
            "text": "Problem",
          },
        ],
        "clinicalStatus": "REMISSION",
        "code": Object {
          "coding": Array [
            Object {
              "code": "44054006",
              "display": "Diabetes mellitus type 2",
              "system": "HEALTHPLUG",
            },
          ],
          "text": "Diabetes mellitus type 2",
        },
        "id": "345ha927-34e0-e911-a2c7-005087226er3|condition",
        "metadata": Object {
          "dataSources": Array [
            Object {
              "display": "Mock",
            },
          ],
          "isRedacted": false,
          "requestedWhen": "",
        },
        "severity": Object {
          "coding": Array [
            Object {
              "code": "2448402",
              "display": "Mild",
            },
          ],
          "text": "Mild",
        },
        "subject": Object {
          "display": "Mr Joe BLoggs",
          "typeName": "test",
        },
        "verificationStatus": "REFUTED",
      },
    ]
  }
>
  <ListItem
    key="017ca927-67e0-e581-a2c7-115087226fg2|condition"
  >
    <li>
      <ConditionSummaryItem
        condition={
          Object {
            "assertedDate": Object {
              "kind": "DATE",
              "value": "2020-02-01T00:00:00+00:00",
            },
            "category": Array [
              Object {
                "coding": Array [
                  Object {
                    "code": "55607006",
                    "display": "Problem",
                  },
                ],
                "text": "Problem",
              },
            ],
            "clinicalStatus": "ACTIVE",
            "code": Object {
              "coding": Array [
                Object {
                  "code": "60123008",
                  "display": "Delusional disorder, mixed type",
                  "system": "HEALTHPLUG",
                },
              ],
              "text": "Delusional disorder, mixed type",
            },
            "id": "017ca927-67e0-e581-a2c7-115087226fg2|condition",
            "metadata": Object {
              "dataSources": Array [
                Object {
                  "display": "Mock",
                },
              ],
              "isRedacted": true,
              "requestedWhen": "",
            },
            "severity": Object {
              "coding": Array [
                Object {
                  "code": "2448400",
                  "display": "Severe",
                },
              ],
              "text": "Severe",
            },
            "subject": Object {
              "display": "Mr Peter Humble",
              "typeName": "test",
            },
            "verificationStatus": "CONFIRMED",
          }
        }
      >
        <div
          className="emotion-4"
          role="link"
        >
          <ConditionRedacted
            condition={
              Object {
                "assertedDate": Object {
                  "kind": "DATE",
                  "value": "2020-02-01T00:00:00+00:00",
                },
                "category": Array [
                  Object {
                    "coding": Array [
                      Object {
                        "code": "55607006",
                        "display": "Problem",
                      },
                    ],
                    "text": "Problem",
                  },
                ],
                "clinicalStatus": "ACTIVE",
                "code": Object {
                  "coding": Array [
                    Object {
                      "code": "60123008",
                      "display": "Delusional disorder, mixed type",
                      "system": "HEALTHPLUG",
                    },
                  ],
                  "text": "Delusional disorder, mixed type",
                },
                "id": "017ca927-67e0-e581-a2c7-115087226fg2|condition",
                "metadata": Object {
                  "dataSources": Array [
                    Object {
                      "display": "Mock",
                    },
                  ],
                  "isRedacted": true,
                  "requestedWhen": "",
                },
                "severity": Object {
                  "coding": Array [
                    Object {
                      "code": "2448400",
                      "display": "Severe",
                    },
                  ],
                  "text": "Severe",
                },
                "subject": Object {
                  "display": "Mr Peter Humble",
                  "typeName": "test",
                },
                "verificationStatus": "CONFIRMED",
              }
            }
          >
            <div
              className="emotion-1"
            >
              <RedactedDescription>
                <div
                  className="emotion-0"
                >
                  Insufficient privileges
                </div>
              </RedactedDescription>
            </div>
            <div
              className="emotion-3"
            >
              <DateSummary
                datetime={
                  Object {
                    "kind": "DATE",
                    "value": "2020-02-01T00:00:00+00:00",
                  }
                }
              >
                <div
                  className="emotion-2"
                >
                  Feb-01,-2020
                </div>
              </DateSummary>
            </div>
          </ConditionRedacted>
        </div>
      </ConditionSummaryItem>
    </li>
  </ListItem>
  <ListItem
    key="345ha927-34e0-e911-a2c7-005087226er3|condition"
  >
    <li>
      <ConditionSummaryItem
        condition={
          Object {
            "assertedDate": Object {
              "kind": "DATE",
              "value": "2020-01-01T00:00:00+00:00",
            },
            "category": Array [
              Object {
                "coding": Array [
                  Object {
                    "code": "55607006",
                    "display": "Problem",
                  },
                ],
                "text": "Problem",
              },
            ],
            "clinicalStatus": "REMISSION",
            "code": Object {
              "coding": Array [
                Object {
                  "code": "44054006",
                  "display": "Diabetes mellitus type 2",
                  "system": "HEALTHPLUG",
                },
              ],
              "text": "Diabetes mellitus type 2",
            },
            "id": "345ha927-34e0-e911-a2c7-005087226er3|condition",
            "metadata": Object {
              "dataSources": Array [
                Object {
                  "display": "Mock",
                },
              ],
              "isRedacted": false,
              "requestedWhen": "",
            },
            "severity": Object {
              "coding": Array [
                Object {
                  "code": "2448402",
                  "display": "Mild",
                },
              ],
              "text": "Mild",
            },
            "subject": Object {
              "display": "Mr Joe BLoggs",
              "typeName": "test",
            },
            "verificationStatus": "REFUTED",
          }
        }
      >
        <div
          className="emotion-4"
          role="link"
        >
          <div
            className="emotion-7"
          >
            <ConditionTitle
              condition={
                Object {
                  "assertedDate": Object {
                    "kind": "DATE",
                    "value": "2020-01-01T00:00:00+00:00",
                  },
                  "category": Array [
                    Object {
                      "coding": Array [
                        Object {
                          "code": "55607006",
                          "display": "Problem",
                        },
                      ],
                      "text": "Problem",
                    },
                  ],
                  "clinicalStatus": "REMISSION",
                  "code": Object {
                    "coding": Array [
                      Object {
                        "code": "44054006",
                        "display": "Diabetes mellitus type 2",
                        "system": "HEALTHPLUG",
                      },
                    ],
                    "text": "Diabetes mellitus type 2",
                  },
                  "id": "345ha927-34e0-e911-a2c7-005087226er3|condition",
                  "metadata": Object {
                    "dataSources": Array [
                      Object {
                        "display": "Mock",
                      },
                    ],
                    "isRedacted": false,
                    "requestedWhen": "",
                  },
                  "severity": Object {
                    "coding": Array [
                      Object {
                        "code": "2448402",
                        "display": "Mild",
                      },
                    ],
                    "text": "Mild",
                  },
                  "subject": Object {
                    "display": "Mr Joe BLoggs",
                    "typeName": "test",
                  },
                  "verificationStatus": "REFUTED",
                }
              }
            >
              <div
                className="emotion-5"
              >
                Diabetes mellitus type 2
              </div>
            </ConditionTitle>
            <ConditionCategory
              condition={
                Object {
                  "assertedDate": Object {
                    "kind": "DATE",
                    "value": "2020-01-01T00:00:00+00:00",
                  },
                  "category": Array [
                    Object {
                      "coding": Array [
                        Object {
                          "code": "55607006",
                          "display": "Problem",
                        },
                      ],
                      "text": "Problem",
                    },
                  ],
                  "clinicalStatus": "REMISSION",
                  "code": Object {
                    "coding": Array [
                      Object {
                        "code": "44054006",
                        "display": "Diabetes mellitus type 2",
                        "system": "HEALTHPLUG",
                      },
                    ],
                    "text": "Diabetes mellitus type 2",
                  },
                  "id": "345ha927-34e0-e911-a2c7-005087226er3|condition",
                  "metadata": Object {
                    "dataSources": Array [
                      Object {
                        "display": "Mock",
                      },
                    ],
                    "isRedacted": false,
                    "requestedWhen": "",
                  },
                  "severity": Object {
                    "coding": Array [
                      Object {
                        "code": "2448402",
                        "display": "Mild",
                      },
                    ],
                    "text": "Mild",
                  },
                  "subject": Object {
                    "display": "Mr Joe BLoggs",
                    "typeName": "test",
                  },
                  "verificationStatus": "REFUTED",
                }
              }
            >
              <div
                className="emotion-6"
              >
                Problem - Mild
              </div>
            </ConditionCategory>
          </div>
          <div
            className="emotion-10"
          >
            <DateSummary
              datetime={
                Object {
                  "kind": "DATE",
                  "value": "2020-01-01T00:00:00+00:00",
                }
              }
            >
              <div
                className="emotion-2"
              >
                Jan-01,-2020
              </div>
            </DateSummary>
            <ConditionStatus
              condition={
                Object {
                  "assertedDate": Object {
                    "kind": "DATE",
                    "value": "2020-01-01T00:00:00+00:00",
                  },
                  "category": Array [
                    Object {
                      "coding": Array [
                        Object {
                          "code": "55607006",
                          "display": "Problem",
                        },
                      ],
                      "text": "Problem",
                    },
                  ],
                  "clinicalStatus": "REMISSION",
                  "code": Object {
                    "coding": Array [
                      Object {
                        "code": "44054006",
                        "display": "Diabetes mellitus type 2",
                        "system": "HEALTHPLUG",
                      },
                    ],
                    "text": "Diabetes mellitus type 2",
                  },
                  "id": "345ha927-34e0-e911-a2c7-005087226er3|condition",
                  "metadata": Object {
                    "dataSources": Array [
                      Object {
                        "display": "Mock",
                      },
                    ],
                    "isRedacted": false,
                    "requestedWhen": "",
                  },
                  "severity": Object {
                    "coding": Array [
                      Object {
                        "code": "2448402",
                        "display": "Mild",
                      },
                    ],
                    "text": "Mild",
                  },
                  "subject": Object {
                    "display": "Mr Joe BLoggs",
                    "typeName": "test",
                  },
                  "verificationStatus": "REFUTED",
                }
              }
            >
              <div
                className="emotion-9"
              >
                Remission - Refuted
              </div>
            </ConditionStatus>
          </div>
        </div>
      </ConditionSummaryItem>
    </li>
  </ListItem>
</ConditionSummary>
`;
