// Jest Snapshot v1, https://goo.gl/fbAQLP

exports[`ChevronIcon matches snapshot: wrapper mount 1`] = `
.emotion-0 {
  color: -v-a-l-u-e:#768692;
  -d-a-r-k-e-r25: #59656e;
  -l-i-g-h-t-e-r25: #98a4ad;
}

<Icons>
  <ChevronCircleIcon
    direction="up"
    size="medium"
  >
    <FontAwesomeIcon
      border={false}
      className="emotion-0"
      fixedWidth={false}
      flip={null}
      icon={
        Object {
          "icon": Array [
            512,
            512,
            Array [],
            "f139",
            "M8 256C8 119 119 8 256 8s248 111 248 248-111 248-248 248S8 393 8 256zm231-113.9L103.5 277.6c-9.4 9.4-9.4 24.6 0 33.9l17 17c9.4 9.4 24.6 9.4 33.9 0L256 226.9l101.6 101.6c9.4 9.4 24.6 9.4 33.9 0l17-17c9.4-9.4 9.4-24.6 0-33.9L273 142.1c-9.4-9.4-24.6-9.4-34 0z",
          ],
          "iconName": "chevron-circle-up",
          "prefix": "fas",
        }
      }
      inverse={false}
      listItem={false}
      mask={null}
      pull={null}
      pulse={false}
      rotation={null}
      size="sm"
      spin={false}
      swapOpacity={false}
      symbol={false}
      title=""
      transform={null}
    >
      <svg
        aria-hidden="true"
        className="svg-inline--fa fa-chevron-circle-up fa-w-16 fa-sm emotion-0"
        data-icon="chevron-circle-up"
        data-prefix="fas"
        focusable="false"
        role="img"
        style={Object {}}
        viewBox="0 0 512 512"
        xmlns="http://www.w3.org/2000/svg"
      >
        <path
          d="M8 256C8 119 119 8 256 8s248 111 248 248-111 248-248 248S8 393 8 256zm231-113.9L103.5 277.6c-9.4 9.4-9.4 24.6 0 33.9l17 17c9.4 9.4 24.6 9.4 33.9 0L256 226.9l101.6 101.6c9.4 9.4 24.6 9.4 33.9 0l17-17c9.4-9.4 9.4-24.6 0-33.9L273 142.1c-9.4-9.4-24.6-9.4-34 0z"
          fill="currentColor"
          style={Object {}}
        />
      </svg>
    </FontAwesomeIcon>
  </ChevronCircleIcon>
  <ChevronCircleIcon
    direction="down"
    size="medium"
  >
    <FontAwesomeIcon
      border={false}
      className="emotion-0"
      fixedWidth={false}
      flip={null}
      icon={
        Object {
          "icon": Array [
            512,
            512,
            Array [],
            "f13a",
            "M504 256c0 137-111 248-248 248S8 393 8 256 119 8 256 8s248 111 248 248zM273 369.9l135.5-135.5c9.4-9.4 9.4-24.6 0-33.9l-17-17c-9.4-9.4-24.6-9.4-33.9 0L256 285.1 154.4 183.5c-9.4-9.4-24.6-9.4-33.9 0l-17 17c-9.4 9.4-9.4 24.6 0 33.9L239 369.9c9.4 9.4 24.6 9.4 34 0z",
          ],
          "iconName": "chevron-circle-down",
          "prefix": "fas",
        }
      }
      inverse={false}
      listItem={false}
      mask={null}
      pull={null}
      pulse={false}
      rotation={null}
      size="sm"
      spin={false}
      swapOpacity={false}
      symbol={false}
      title=""
      transform={null}
    >
      <svg
        aria-hidden="true"
        className="svg-inline--fa fa-chevron-circle-down fa-w-16 fa-sm emotion-0"
        data-icon="chevron-circle-down"
        data-prefix="fas"
        focusable="false"
        role="img"
        style={Object {}}
        viewBox="0 0 512 512"
        xmlns="http://www.w3.org/2000/svg"
      >
        <path
          d="M504 256c0 137-111 248-248 248S8 393 8 256 119 8 256 8s248 111 248 248zM273 369.9l135.5-135.5c9.4-9.4 9.4-24.6 0-33.9l-17-17c-9.4-9.4-24.6-9.4-33.9 0L256 285.1 154.4 183.5c-9.4-9.4-24.6-9.4-33.9 0l-17 17c-9.4 9.4-9.4 24.6 0 33.9L239 369.9c9.4 9.4 24.6 9.4 34 0z"
          fill="currentColor"
          style={Object {}}
        />
      </svg>
    </FontAwesomeIcon>
  </ChevronCircleIcon>
  <ChevronCircleIcon
    direction="left"
    size="medium"
  >
    <FontAwesomeIcon
      border={false}
      className="emotion-0"
      fixedWidth={false}
      flip={null}
      icon={
        Object {
          "icon": Array [
            512,
            512,
            Array [],
            "f137",
            "M256 504C119 504 8 393 8 256S119 8 256 8s248 111 248 248-111 248-248 248zM142.1 273l135.5 135.5c9.4 9.4 24.6 9.4 33.9 0l17-17c9.4-9.4 9.4-24.6 0-33.9L226.9 256l101.6-101.6c9.4-9.4 9.4-24.6 0-33.9l-17-17c-9.4-9.4-24.6-9.4-33.9 0L142.1 239c-9.4 9.4-9.4 24.6 0 34z",
          ],
          "iconName": "chevron-circle-left",
          "prefix": "fas",
        }
      }
      inverse={false}
      listItem={false}
      mask={null}
      pull={null}
      pulse={false}
      rotation={null}
      size="sm"
      spin={false}
      swapOpacity={false}
      symbol={false}
      title=""
      transform={null}
    >
      <svg
        aria-hidden="true"
        className="svg-inline--fa fa-chevron-circle-left fa-w-16 fa-sm emotion-0"
        data-icon="chevron-circle-left"
        data-prefix="fas"
        focusable="false"
        role="img"
        style={Object {}}
        viewBox="0 0 512 512"
        xmlns="http://www.w3.org/2000/svg"
      >
        <path
          d="M256 504C119 504 8 393 8 256S119 8 256 8s248 111 248 248-111 248-248 248zM142.1 273l135.5 135.5c9.4 9.4 24.6 9.4 33.9 0l17-17c9.4-9.4 9.4-24.6 0-33.9L226.9 256l101.6-101.6c9.4-9.4 9.4-24.6 0-33.9l-17-17c-9.4-9.4-24.6-9.4-33.9 0L142.1 239c-9.4 9.4-9.4 24.6 0 34z"
          fill="currentColor"
          style={Object {}}
        />
      </svg>
    </FontAwesomeIcon>
  </ChevronCircleIcon>
  <ChevronCircleIcon
    direction="right"
    size="medium"
  >
    <FontAwesomeIcon
      border={false}
      className="emotion-0"
      fixedWidth={false}
      flip={null}
      icon={
        Object {
          "icon": Array [
            512,
            512,
            Array [],
            "f138",
            "M256 8c137 0 248 111 248 248S393 504 256 504 8 393 8 256 119 8 256 8zm113.9 231L234.4 103.5c-9.4-9.4-24.6-9.4-33.9 0l-17 17c-9.4 9.4-9.4 24.6 0 33.9L285.1 256 183.5 357.6c-9.4 9.4-9.4 24.6 0 33.9l17 17c9.4 9.4 24.6 9.4 33.9 0L369.9 273c9.4-9.4 9.4-24.6 0-34z",
          ],
          "iconName": "chevron-circle-right",
          "prefix": "fas",
        }
      }
      inverse={false}
      listItem={false}
      mask={null}
      pull={null}
      pulse={false}
      rotation={null}
      size="sm"
      spin={false}
      swapOpacity={false}
      symbol={false}
      title=""
      transform={null}
    >
      <svg
        aria-hidden="true"
        className="svg-inline--fa fa-chevron-circle-right fa-w-16 fa-sm emotion-0"
        data-icon="chevron-circle-right"
        data-prefix="fas"
        focusable="false"
        role="img"
        style={Object {}}
        viewBox="0 0 512 512"
        xmlns="http://www.w3.org/2000/svg"
      >
        <path
          d="M256 8c137 0 248 111 248 248S393 504 256 504 8 393 8 256 119 8 256 8zm113.9 231L234.4 103.5c-9.4-9.4-24.6-9.4-33.9 0l-17 17c-9.4 9.4-9.4 24.6 0 33.9L285.1 256 183.5 357.6c-9.4 9.4-9.4 24.6 0 33.9l17 17c9.4 9.4 24.6 9.4 33.9 0L369.9 273c9.4-9.4 9.4-24.6 0-34z"
          fill="currentColor"
          style={Object {}}
        />
      </svg>
    </FontAwesomeIcon>
  </ChevronCircleIcon>
</Icons>
`;
