// Jest Snapshot v1, https://goo.gl/fbAQLP

exports[`ColumnIcon matches snapshot: wrapper mount 1`] = `
.emotion-0 {
  color: #768692;
}

.emotion-2 {
  color: #ED8B00;
}

.emotion-4 {
  color: #009639;
}

.emotion-6 {
  color: #DA291C;
}

<Icons>
  <ColumnIcon
    size="small"
    status="default"
  >
    <FontAwesomeIcon
      border={false}
      className="emotion-0"
      fixedWidth={false}
      flip={null}
      icon={
        Object {
          "icon": Array [
            512,
            512,
            Array [],
            "f0db",
            "M464 32H48C21.49 32 0 53.49 0 80v352c0 26.51 21.49 48 48 48h416c26.51 0 48-21.49 48-48V80c0-26.51-21.49-48-48-48zM224 416H64V160h160v256zm224 0H288V160h160v256z",
          ],
          "iconName": "columns",
          "prefix": "fas",
        }
      }
      inverse={false}
      listItem={false}
      mask={null}
      pull={null}
      pulse={false}
      rotation={null}
      size="xs"
      spin={false}
      swapOpacity={false}
      symbol={false}
      title=""
      transform={
        Object {
          "rotate": 180,
        }
      }
    >
      <svg
        aria-hidden="true"
        className="svg-inline--fa fa-columns fa-w-16 fa-xs emotion-0"
        data-icon="columns"
        data-prefix="fas"
        focusable="false"
        role="img"
        style={
          Object {
            "transformOrigin": "0.5em 0.5em",
          }
        }
        viewBox="0 0 512 512"
        xmlns="http://www.w3.org/2000/svg"
      >
        <g
          style={Object {}}
          transform="translate(256 256)"
        >
          <g
            style={Object {}}
            transform="translate(0, 0)  scale(1, 1)  rotate(180 0 0)"
          >
            <path
              d="M464 32H48C21.49 32 0 53.49 0 80v352c0 26.51 21.49 48 48 48h416c26.51 0 48-21.49 48-48V80c0-26.51-21.49-48-48-48zM224 416H64V160h160v256zm224 0H288V160h160v256z"
              fill="currentColor"
              style={Object {}}
              transform="translate(-256 -256)"
            />
          </g>
        </g>
      </svg>
    </FontAwesomeIcon>
  </ColumnIcon>
  <ColumnIcon
    size="small"
    status="amber"
  >
    <FontAwesomeIcon
      border={false}
      className="emotion-2"
      fixedWidth={false}
      flip={null}
      icon={
        Object {
          "icon": Array [
            512,
            512,
            Array [],
            "f0db",
            "M464 32H48C21.49 32 0 53.49 0 80v352c0 26.51 21.49 48 48 48h416c26.51 0 48-21.49 48-48V80c0-26.51-21.49-48-48-48zM224 416H64V160h160v256zm224 0H288V160h160v256z",
          ],
          "iconName": "columns",
          "prefix": "fas",
        }
      }
      inverse={false}
      listItem={false}
      mask={null}
      pull={null}
      pulse={false}
      rotation={null}
      size="xs"
      spin={false}
      swapOpacity={false}
      symbol={false}
      title=""
      transform={
        Object {
          "rotate": 180,
        }
      }
    >
      <svg
        aria-hidden="true"
        className="svg-inline--fa fa-columns fa-w-16 fa-xs emotion-2"
        data-icon="columns"
        data-prefix="fas"
        focusable="false"
        role="img"
        style={
          Object {
            "transformOrigin": "0.5em 0.5em",
          }
        }
        viewBox="0 0 512 512"
        xmlns="http://www.w3.org/2000/svg"
      >
        <g
          style={Object {}}
          transform="translate(256 256)"
        >
          <g
            style={Object {}}
            transform="translate(0, 0)  scale(1, 1)  rotate(180 0 0)"
          >
            <path
              d="M464 32H48C21.49 32 0 53.49 0 80v352c0 26.51 21.49 48 48 48h416c26.51 0 48-21.49 48-48V80c0-26.51-21.49-48-48-48zM224 416H64V160h160v256zm224 0H288V160h160v256z"
              fill="currentColor"
              style={Object {}}
              transform="translate(-256 -256)"
            />
          </g>
        </g>
      </svg>
    </FontAwesomeIcon>
  </ColumnIcon>
  <ColumnIcon
    size="small"
    status="green"
  >
    <FontAwesomeIcon
      border={false}
      className="emotion-4"
      fixedWidth={false}
      flip={null}
      icon={
        Object {
          "icon": Array [
            512,
            512,
            Array [],
            "f0db",
            "M464 32H48C21.49 32 0 53.49 0 80v352c0 26.51 21.49 48 48 48h416c26.51 0 48-21.49 48-48V80c0-26.51-21.49-48-48-48zM224 416H64V160h160v256zm224 0H288V160h160v256z",
          ],
          "iconName": "columns",
          "prefix": "fas",
        }
      }
      inverse={false}
      listItem={false}
      mask={null}
      pull={null}
      pulse={false}
      rotation={null}
      size="xs"
      spin={false}
      swapOpacity={false}
      symbol={false}
      title=""
      transform={
        Object {
          "rotate": 180,
        }
      }
    >
      <svg
        aria-hidden="true"
        className="svg-inline--fa fa-columns fa-w-16 fa-xs emotion-4"
        data-icon="columns"
        data-prefix="fas"
        focusable="false"
        role="img"
        style={
          Object {
            "transformOrigin": "0.5em 0.5em",
          }
        }
        viewBox="0 0 512 512"
        xmlns="http://www.w3.org/2000/svg"
      >
        <g
          style={Object {}}
          transform="translate(256 256)"
        >
          <g
            style={Object {}}
            transform="translate(0, 0)  scale(1, 1)  rotate(180 0 0)"
          >
            <path
              d="M464 32H48C21.49 32 0 53.49 0 80v352c0 26.51 21.49 48 48 48h416c26.51 0 48-21.49 48-48V80c0-26.51-21.49-48-48-48zM224 416H64V160h160v256zm224 0H288V160h160v256z"
              fill="currentColor"
              style={Object {}}
              transform="translate(-256 -256)"
            />
          </g>
        </g>
      </svg>
    </FontAwesomeIcon>
  </ColumnIcon>
  <ColumnIcon
    size="small"
    status="red"
  >
    <FontAwesomeIcon
      border={false}
      className="emotion-6"
      fixedWidth={false}
      flip={null}
      icon={
        Object {
          "icon": Array [
            512,
            512,
            Array [],
            "f0db",
            "M464 32H48C21.49 32 0 53.49 0 80v352c0 26.51 21.49 48 48 48h416c26.51 0 48-21.49 48-48V80c0-26.51-21.49-48-48-48zM224 416H64V160h160v256zm224 0H288V160h160v256z",
          ],
          "iconName": "columns",
          "prefix": "fas",
        }
      }
      inverse={false}
      listItem={false}
      mask={null}
      pull={null}
      pulse={false}
      rotation={null}
      size="xs"
      spin={false}
      swapOpacity={false}
      symbol={false}
      title=""
      transform={
        Object {
          "rotate": 180,
        }
      }
    >
      <svg
        aria-hidden="true"
        className="svg-inline--fa fa-columns fa-w-16 fa-xs emotion-6"
        data-icon="columns"
        data-prefix="fas"
        focusable="false"
        role="img"
        style={
          Object {
            "transformOrigin": "0.5em 0.5em",
          }
        }
        viewBox="0 0 512 512"
        xmlns="http://www.w3.org/2000/svg"
      >
        <g
          style={Object {}}
          transform="translate(256 256)"
        >
          <g
            style={Object {}}
            transform="translate(0, 0)  scale(1, 1)  rotate(180 0 0)"
          >
            <path
              d="M464 32H48C21.49 32 0 53.49 0 80v352c0 26.51 21.49 48 48 48h416c26.51 0 48-21.49 48-48V80c0-26.51-21.49-48-48-48zM224 416H64V160h160v256zm224 0H288V160h160v256z"
              fill="currentColor"
              style={Object {}}
              transform="translate(-256 -256)"
            />
          </g>
        </g>
      </svg>
    </FontAwesomeIcon>
  </ColumnIcon>
</Icons>
`;
