// Jest Snapshot v1, https://goo.gl/fbAQLP

exports[`SpinnerIcon matches snapshot: wrapper mount 1`] = `
.emotion-0 {
  color: #ED8B00;
}

<ExclamationIcon
  size="small"
  status="amber"
>
  <FontAwesomeIcon
    border={false}
    className="emotion-0"
    fixedWidth={false}
    flip={null}
    icon={
      Object {
        "icon": Array [
          576,
          512,
          Array [],
          "f071",
          "M569.517 440.013C587.975 472.007 564.806 512 527.94 512H48.054c-36.937 0-59.999-40.055-41.577-71.987L246.423 23.985c18.467-32.009 64.72-31.951 83.154 0l239.94 416.028zM288 354c-25.405 0-46 20.595-46 46s20.595 46 46 46 46-20.595 46-46-20.595-46-46-46zm-43.673-165.346l7.418 136c.347 6.364 5.609 11.346 11.982 11.346h48.546c6.373 0 11.635-4.982 11.982-11.346l7.418-136c.375-6.874-5.098-12.654-11.982-12.654h-63.383c-6.884 0-12.356 5.78-11.981 12.654z",
        ],
        "iconName": "exclamation-triangle",
        "prefix": "fas",
      }
    }
    inverse={false}
    listItem={false}
    mask={null}
    pull={null}
    pulse={false}
    rotation={null}
    size="xs"
    spin={false}
    swapOpacity={false}
    symbol={false}
    title=""
    transform={null}
  >
    <svg
      aria-hidden="true"
      className="svg-inline--fa fa-exclamation-triangle fa-w-18 fa-xs emotion-0"
      data-icon="exclamation-triangle"
      data-prefix="fas"
      focusable="false"
      role="img"
      style={Object {}}
      viewBox="0 0 576 512"
      xmlns="http://www.w3.org/2000/svg"
    >
      <path
        d="M569.517 440.013C587.975 472.007 564.806 512 527.94 512H48.054c-36.937 0-59.999-40.055-41.577-71.987L246.423 23.985c18.467-32.009 64.72-31.951 83.154 0l239.94 416.028zM288 354c-25.405 0-46 20.595-46 46s20.595 46 46 46 46-20.595 46-46-20.595-46-46-46zm-43.673-165.346l7.418 136c.347 6.364 5.609 11.346 11.982 11.346h48.546c6.373 0 11.635-4.982 11.982-11.346l7.418-136c.375-6.874-5.098-12.654-11.982-12.654h-63.383c-6.884 0-12.356 5.78-11.981 12.654z"
        fill="currentColor"
        style={Object {}}
      />
    </svg>
  </FontAwesomeIcon>
</ExclamationIcon>
`;
