// Jest Snapshot v1, https://goo.gl/fbAQLP

exports[`DocumentSummaryy matches snapshot: wrapper mount 1`] = `
.emotion-4 {
  display: -webkit-box;
  display: -webkit-flex;
  display: -ms-flexbox;
  display: flex;
  -webkit-flex-direction: row;
  -ms-flex-direction: row;
  flex-direction: row;
  -webkit-align-items: center;
  -webkit-box-align: center;
  -ms-flex-align: center;
  align-items: center;
}

.emotion-1 {
  -webkit-box-flex: 1;
  -webkit-flex-grow: 1;
  -ms-flex-positive: 1;
  flex-grow: 1;
  margin-left: 0.5rem;
}

.emotion-3 {
  display: -webkit-box;
  display: -webkit-flex;
  display: -ms-flexbox;
  display: flex;
  -webkit-flex-direction: column;
  -ms-flex-direction: column;
  flex-direction: column;
  text-align: right;
}

.emotion-2 {
  color: #768692;
}

.emotion-10 {
  -webkit-flex: 1;
  -ms-flex: 1;
  flex: 1;
}

.emotion-12 {
  -webkit-flex: 1;
  -ms-flex: 1;
  flex: 1;
  text-align: right;
}

.emotion-11 {
  color: #768692;
}

<Sut>
  <div
    key="6b554095-bd5f-4134-8dbb-a21971959fd3"
  >
    <DocumentSummary
      document={
        Object {
          "content": Array [],
          "created": Object {
            "value": "2020-04-01T00:00:00+00:00",
          },
          "description": "Description of document one",
          "id": "6b554095-bd5f-4134-8dbb-a21971959fd3",
          "indexed": Object {
            "value": "2020-04-01T00:00:00+00:00",
          },
          "metadata": Object {
            "dataSources": Array [
              Object {
                "display": "Mock",
              },
            ],
            "isRedacted": false,
            "requestedWhen": "",
          },
          "status": "CURRENT",
          "type": Object {},
        }
      }
    >
      <Styled(div)>
        <div
          className="emotion-4"
        >
          <Styled(div)>
            <div
              className="emotion-0"
            >
              <DocumentDate
                document={
                  Object {
                    "content": Array [],
                    "created": Object {
                      "value": "2020-04-01T00:00:00+00:00",
                    },
                    "description": "Description of document one",
                    "id": "6b554095-bd5f-4134-8dbb-a21971959fd3",
                    "indexed": Object {
                      "value": "2020-04-01T00:00:00+00:00",
                    },
                    "metadata": Object {
                      "dataSources": Array [
                        Object {
                          "display": "Mock",
                        },
                      ],
                      "isRedacted": false,
                      "requestedWhen": "",
                    },
                    "status": "CURRENT",
                    "type": Object {},
                  }
                }
              >
                <div>
                  Apr-01,-2020
                </div>
              </DocumentDate>
            </div>
          </Styled(div)>
          <Styled(div)>
            <div
              className="emotion-1"
            >
              <DocumentDescription
                document={
                  Object {
                    "content": Array [],
                    "created": Object {
                      "value": "2020-04-01T00:00:00+00:00",
                    },
                    "description": "Description of document one",
                    "id": "6b554095-bd5f-4134-8dbb-a21971959fd3",
                    "indexed": Object {
                      "value": "2020-04-01T00:00:00+00:00",
                    },
                    "metadata": Object {
                      "dataSources": Array [
                        Object {
                          "display": "Mock",
                        },
                      ],
                      "isRedacted": false,
                      "requestedWhen": "",
                    },
                    "status": "CURRENT",
                    "type": Object {},
                  }
                }
              >
                Description of document one
              </DocumentDescription>
            </div>
          </Styled(div)>
          <Styled(div)>
            <div
              className="emotion-3"
            >
              <DocumentSource
                document={
                  Object {
                    "content": Array [],
                    "created": Object {
                      "value": "2020-04-01T00:00:00+00:00",
                    },
                    "description": "Description of document one",
                    "id": "6b554095-bd5f-4134-8dbb-a21971959fd3",
                    "indexed": Object {
                      "value": "2020-04-01T00:00:00+00:00",
                    },
                    "metadata": Object {
                      "dataSources": Array [
                        Object {
                          "display": "Mock",
                        },
                      ],
                      "isRedacted": false,
                      "requestedWhen": "",
                    },
                    "status": "CURRENT",
                    "type": Object {},
                  }
                }
              >
                <div>
                  Mock
                </div>
              </DocumentSource>
              <DocumentStatus
                document={
                  Object {
                    "content": Array [],
                    "created": Object {
                      "value": "2020-04-01T00:00:00+00:00",
                    },
                    "description": "Description of document one",
                    "id": "6b554095-bd5f-4134-8dbb-a21971959fd3",
                    "indexed": Object {
                      "value": "2020-04-01T00:00:00+00:00",
                    },
                    "metadata": Object {
                      "dataSources": Array [
                        Object {
                          "display": "Mock",
                        },
                      ],
                      "isRedacted": false,
                      "requestedWhen": "",
                    },
                    "status": "CURRENT",
                    "type": Object {},
                  }
                }
              >
                <Styled(div)>
                  <div
                    className="emotion-2"
                  >
                    Current
                  </div>
                </Styled(div)>
              </DocumentStatus>
            </div>
          </Styled(div)>
        </div>
      </Styled(div)>
    </DocumentSummary>
  </div>
  <div
    key="2d889a55-d7ec-46ae-b674-23dfc6666014"
  >
    <DocumentSummary
      document={
        Object {
          "content": Array [],
          "created": Object {
            "value": "2019-10-11T00:00:00+00:00",
          },
          "description": "Description of document two",
          "id": "2d889a55-d7ec-46ae-b674-23dfc6666014",
          "indexed": Object {
            "value": "2019-10-11T00:00:00+00:00",
          },
          "metadata": Object {
            "dataSources": Array [
              Object {
                "display": "Mock",
              },
            ],
            "isRedacted": false,
            "requestedWhen": "",
          },
          "status": "ENTERED_IN_ERROR",
          "type": Object {},
        }
      }
    >
      <Styled(div)>
        <div
          className="emotion-4"
        >
          <Styled(div)>
            <div
              className="emotion-0"
            >
              <DocumentDate
                document={
                  Object {
                    "content": Array [],
                    "created": Object {
                      "value": "2019-10-11T00:00:00+00:00",
                    },
                    "description": "Description of document two",
                    "id": "2d889a55-d7ec-46ae-b674-23dfc6666014",
                    "indexed": Object {
                      "value": "2019-10-11T00:00:00+00:00",
                    },
                    "metadata": Object {
                      "dataSources": Array [
                        Object {
                          "display": "Mock",
                        },
                      ],
                      "isRedacted": false,
                      "requestedWhen": "",
                    },
                    "status": "ENTERED_IN_ERROR",
                    "type": Object {},
                  }
                }
              >
                <div>
                  Oct-11,-2019
                </div>
              </DocumentDate>
            </div>
          </Styled(div)>
          <Styled(div)>
            <div
              className="emotion-1"
            >
              <DocumentDescription
                document={
                  Object {
                    "content": Array [],
                    "created": Object {
                      "value": "2019-10-11T00:00:00+00:00",
                    },
                    "description": "Description of document two",
                    "id": "2d889a55-d7ec-46ae-b674-23dfc6666014",
                    "indexed": Object {
                      "value": "2019-10-11T00:00:00+00:00",
                    },
                    "metadata": Object {
                      "dataSources": Array [
                        Object {
                          "display": "Mock",
                        },
                      ],
                      "isRedacted": false,
                      "requestedWhen": "",
                    },
                    "status": "ENTERED_IN_ERROR",
                    "type": Object {},
                  }
                }
              >
                Description of document two
              </DocumentDescription>
            </div>
          </Styled(div)>
          <Styled(div)>
            <div
              className="emotion-3"
            >
              <DocumentSource
                document={
                  Object {
                    "content": Array [],
                    "created": Object {
                      "value": "2019-10-11T00:00:00+00:00",
                    },
                    "description": "Description of document two",
                    "id": "2d889a55-d7ec-46ae-b674-23dfc6666014",
                    "indexed": Object {
                      "value": "2019-10-11T00:00:00+00:00",
                    },
                    "metadata": Object {
                      "dataSources": Array [
                        Object {
                          "display": "Mock",
                        },
                      ],
                      "isRedacted": false,
                      "requestedWhen": "",
                    },
                    "status": "ENTERED_IN_ERROR",
                    "type": Object {},
                  }
                }
              >
                <div>
                  Mock
                </div>
              </DocumentSource>
              <DocumentStatus
                document={
                  Object {
                    "content": Array [],
                    "created": Object {
                      "value": "2019-10-11T00:00:00+00:00",
                    },
                    "description": "Description of document two",
                    "id": "2d889a55-d7ec-46ae-b674-23dfc6666014",
                    "indexed": Object {
                      "value": "2019-10-11T00:00:00+00:00",
                    },
                    "metadata": Object {
                      "dataSources": Array [
                        Object {
                          "display": "Mock",
                        },
                      ],
                      "isRedacted": false,
                      "requestedWhen": "",
                    },
                    "status": "ENTERED_IN_ERROR",
                    "type": Object {},
                  }
                }
              >
                <Styled(div)>
                  <div
                    className="emotion-2"
                  >
                    Entered In Error
                  </div>
                </Styled(div)>
              </DocumentStatus>
            </div>
          </Styled(div)>
        </div>
      </Styled(div)>
    </DocumentSummary>
  </div>
  <div
    key="38962be0-4e5e-4640-a23e-af45da7c0578"
  >
    <DocumentSummary
      document={
        Object {
          "content": Array [],
          "created": Object {
            "value": "2020-01-11T00:00:00+00:00",
          },
          "description": "Description of document three",
          "id": "38962be0-4e5e-4640-a23e-af45da7c0578",
          "indexed": Object {
            "value": "2020-01-23T00:00:00+00:00",
          },
          "metadata": Object {
            "dataSources": Array [],
            "isRedacted": true,
            "requestedWhen": "",
          },
          "status": "SUPERSEDED",
          "type": Object {},
        }
      }
    >
      <Styled(div)>
        <div
          className="emotion-4"
        >
          <DocumentRedacted
            document={
              Object {
                "content": Array [],
                "created": Object {
                  "value": "2020-01-11T00:00:00+00:00",
                },
                "description": "Description of document three",
                "id": "38962be0-4e5e-4640-a23e-af45da7c0578",
                "indexed": Object {
                  "value": "2020-01-23T00:00:00+00:00",
                },
                "metadata": Object {
                  "dataSources": Array [],
                  "isRedacted": true,
                  "requestedWhen": "",
                },
                "status": "SUPERSEDED",
                "type": Object {},
              }
            }
          >
            <Styled(div)>
              <div
                className="emotion-10"
              >
                <DocumentDate
                  document={
                    Object {
                      "content": Array [],
                      "created": Object {
                        "value": "2020-01-11T00:00:00+00:00",
                      },
                      "description": "Description of document three",
                      "id": "38962be0-4e5e-4640-a23e-af45da7c0578",
                      "indexed": Object {
                        "value": "2020-01-23T00:00:00+00:00",
                      },
                      "metadata": Object {
                        "dataSources": Array [],
                        "isRedacted": true,
                        "requestedWhen": "",
                      },
                      "status": "SUPERSEDED",
                      "type": Object {},
                    }
                  }
                >
                  <div>
                    Jan-11,-2020
                  </div>
                </DocumentDate>
              </div>
            </Styled(div)>
            <Styled(div)>
              <div
                className="emotion-12"
              >
                <RedactedDescription>
                  <div
                    className="emotion-11"
                  >
                    Insufficient privileges
                  </div>
                </RedactedDescription>
              </div>
            </Styled(div)>
          </DocumentRedacted>
        </div>
      </Styled(div)>
    </DocumentSummary>
  </div>
  <div
    key="38962be0-4e5e-4640-a23e-af45da7c0777"
  >
    <DocumentSummary
      document={
        Object {
          "content": Array [],
          "created": Object {
            "value": "2020-01-23T00:00:00+00:00",
          },
          "description": "Description of document three",
          "id": "38962be0-4e5e-4640-a23e-af45da7c0777",
          "indexed": Object {
            "value": "2020-01-23T00:00:00+00:00",
          },
          "metadata": Object {
            "dataSources": Array [
              Object {
                "display": "Mock",
              },
            ],
            "isRedacted": false,
            "requestedWhen": "",
          },
          "status": "SUPERSEDED",
          "type": Object {},
        }
      }
    >
      <Styled(div)>
        <div
          className="emotion-4"
        >
          <Styled(div)>
            <div
              className="emotion-0"
            >
              <DocumentDate
                document={
                  Object {
                    "content": Array [],
                    "created": Object {
                      "value": "2020-01-23T00:00:00+00:00",
                    },
                    "description": "Description of document three",
                    "id": "38962be0-4e5e-4640-a23e-af45da7c0777",
                    "indexed": Object {
                      "value": "2020-01-23T00:00:00+00:00",
                    },
                    "metadata": Object {
                      "dataSources": Array [
                        Object {
                          "display": "Mock",
                        },
                      ],
                      "isRedacted": false,
                      "requestedWhen": "",
                    },
                    "status": "SUPERSEDED",
                    "type": Object {},
                  }
                }
              >
                <div>
                  Jan-23,-2020
                </div>
              </DocumentDate>
            </div>
          </Styled(div)>
          <Styled(div)>
            <div
              className="emotion-1"
            >
              <DocumentDescription
                document={
                  Object {
                    "content": Array [],
                    "created": Object {
                      "value": "2020-01-23T00:00:00+00:00",
                    },
                    "description": "Description of document three",
                    "id": "38962be0-4e5e-4640-a23e-af45da7c0777",
                    "indexed": Object {
                      "value": "2020-01-23T00:00:00+00:00",
                    },
                    "metadata": Object {
                      "dataSources": Array [
                        Object {
                          "display": "Mock",
                        },
                      ],
                      "isRedacted": false,
                      "requestedWhen": "",
                    },
                    "status": "SUPERSEDED",
                    "type": Object {},
                  }
                }
              >
                Description of document three
              </DocumentDescription>
            </div>
          </Styled(div)>
          <Styled(div)>
            <div
              className="emotion-3"
            >
              <DocumentSource
                document={
                  Object {
                    "content": Array [],
                    "created": Object {
                      "value": "2020-01-23T00:00:00+00:00",
                    },
                    "description": "Description of document three",
                    "id": "38962be0-4e5e-4640-a23e-af45da7c0777",
                    "indexed": Object {
                      "value": "2020-01-23T00:00:00+00:00",
                    },
                    "metadata": Object {
                      "dataSources": Array [
                        Object {
                          "display": "Mock",
                        },
                      ],
                      "isRedacted": false,
                      "requestedWhen": "",
                    },
                    "status": "SUPERSEDED",
                    "type": Object {},
                  }
                }
              >
                <div>
                  Mock
                </div>
              </DocumentSource>
              <DocumentStatus
                document={
                  Object {
                    "content": Array [],
                    "created": Object {
                      "value": "2020-01-23T00:00:00+00:00",
                    },
                    "description": "Description of document three",
                    "id": "38962be0-4e5e-4640-a23e-af45da7c0777",
                    "indexed": Object {
                      "value": "2020-01-23T00:00:00+00:00",
                    },
                    "metadata": Object {
                      "dataSources": Array [
                        Object {
                          "display": "Mock",
                        },
                      ],
                      "isRedacted": false,
                      "requestedWhen": "",
                    },
                    "status": "SUPERSEDED",
                    "type": Object {},
                  }
                }
              >
                <Styled(div)>
                  <div
                    className="emotion-2"
                  >
                    Superseded
                  </div>
                </Styled(div)>
              </DocumentStatus>
            </div>
          </Styled(div)>
        </div>
      </Styled(div)>
    </DocumentSummary>
  </div>
</Sut>
`;
