// Jest Snapshot v1, https://goo.gl/fbAQLP

exports[`AllergySummary matches snapshot: wrapper mount 1`] = `
.emotion-9 {
  display: -webkit-box;
  display: -webkit-flex;
  display: -ms-flexbox;
  display: flex;
  -webkit-box-pack: center;
  -webkit-justify-content: center;
  -ms-flex-pack: center;
  justify-content: center;
}

.emotion-2 {
  min-width: 1rem;
}

.emotion-0 {
  color: #DA291C;
}

.emotion-5 {
  -webkit-box-flex: 1;
  -webkit-flex-grow: 1;
  -ms-flex-positive: 1;
  flex-grow: 1;
  padding-left: 0.5rem;
}

.emotion-3 {
  color: #231f20;
  text-align: left;
}

.emotion-4 {
  color: #768692;
  text-align: left;
  font-size: smaller;
  padding-top: 0.25rem;
}

.emotion-8 {
  text-align: right;
}

.emotion-6 {
  color: #231f20;
}

.emotion-7 {
  color: #768692;
  text-align: right;
  font-size: smaller;
  padding-top: 0.25rem;
}

.emotion-11 {
  -webkit-box-flex: 1;
  -webkit-flex-grow: 1;
  -ms-flex-positive: 1;
  flex-grow: 1;
  text-align: left;
}

.emotion-10 {
  color: #768692;
}

.emotion-13 {
  text-align: right;
}

<AllergySummary
  allergies={
    Array [
      Object {
        "assertedDate": Object {
          "kind": "YEAR",
          "value": "2013-01-01T00:00:00+00:00",
        },
        "category": Array [
          "ENVIRONMENT",
        ],
        "clinicalStatus": "ACTIVE",
        "code": Object {
          "coding": Array [
            Object {
              "code": "109006",
              "display": "Dust Mites",
            },
          ],
        },
        "criticality": "HIGH",
        "id": "580ca927-34e0-e911-a2c7-005056926fe4|allergyalert",
        "metadata": Object {
          "dataSources": Array [
            Object {
              "display": "Mock",
            },
          ],
          "isRedacted": false,
          "requestedWhen": "",
        },
        "type": "ALLERGY",
        "verificationStatus": "CONFIRMED",
      },
      Object {
        "assertedDate": Object {
          "kind": "YEAR",
          "value": "2013-01-01T00:00:00+00:00",
        },
        "clinicalStatus": "RESOLVED",
        "code": Object {
          "text": "Kiwi fruit",
        },
        "id": "690ca927-68e0-c511-b2c7-898056926ze4|allergyalert",
        "metadata": Object {
          "dataSources": Array [
            Object {
              "display": "Mock",
            },
          ],
          "isRedacted": true,
          "requestedWhen": "",
        },
        "type": "INTOLERANCE",
      },
      Object {
        "assertedDate": Object {
          "kind": "YEAR",
          "value": "2015-03-01T00:00:00+00:00",
        },
        "category": Array [
          "MEDICATION",
        ],
        "clinicalStatus": "ACTIVE",
        "code": Object {
          "coding": Array [],
          "text": "Allergic to Penicilin",
        },
        "criticality": "HIGH",
        "id": "690ca927-68e0-c511-b2c7-89804g926fg4|allergyalert",
        "metadata": Object {
          "dataSources": Array [
            Object {
              "display": "Mock",
            },
          ],
          "isRedacted": false,
          "requestedWhen": "",
        },
        "type": "INTOLERANCE",
      },
    ]
  }
>
  <ListItem
    key="580ca927-34e0-e911-a2c7-005056926fe4|allergyalert"
  >
    <li>
      <AllergySummaryItem
        allergy={
          Object {
            "assertedDate": Object {
              "kind": "YEAR",
              "value": "2013-01-01T00:00:00+00:00",
            },
            "category": Array [
              "ENVIRONMENT",
            ],
            "clinicalStatus": "ACTIVE",
            "code": Object {
              "coding": Array [
                Object {
                  "code": "109006",
                  "display": "Dust Mites",
                },
              ],
            },
            "criticality": "HIGH",
            "id": "580ca927-34e0-e911-a2c7-005056926fe4|allergyalert",
            "metadata": Object {
              "dataSources": Array [
                Object {
                  "display": "Mock",
                },
              ],
              "isRedacted": false,
              "requestedWhen": "",
            },
            "type": "ALLERGY",
            "verificationStatus": "CONFIRMED",
          }
        }
      >
        <div
          className="emotion-9"
          role="link"
        >
          <div
            className="emotion-2"
          >
            <AllergyIcon
              allergy={
                Object {
                  "assertedDate": Object {
                    "kind": "YEAR",
                    "value": "2013-01-01T00:00:00+00:00",
                  },
                  "category": Array [
                    "ENVIRONMENT",
                  ],
                  "clinicalStatus": "ACTIVE",
                  "code": Object {
                    "coding": Array [
                      Object {
                        "code": "109006",
                        "display": "Dust Mites",
                      },
                    ],
                  },
                  "criticality": "HIGH",
                  "id": "580ca927-34e0-e911-a2c7-005056926fe4|allergyalert",
                  "metadata": Object {
                    "dataSources": Array [
                      Object {
                        "display": "Mock",
                      },
                    ],
                    "isRedacted": false,
                    "requestedWhen": "",
                  },
                  "type": "ALLERGY",
                  "verificationStatus": "CONFIRMED",
                }
              }
            >
              <ExclamationIcon
                size="medium"
                status="red"
              >
                <FontAwesomeIcon
                  border={false}
                  className="emotion-0"
                  fixedWidth={false}
                  flip={null}
                  icon={
                    Object {
                      "icon": Array [
                        576,
                        512,
                        Array [],
                        "f071",
                        "M569.517 440.013C587.975 472.007 564.806 512 527.94 512H48.054c-36.937 0-59.999-40.055-41.577-71.987L246.423 23.985c18.467-32.009 64.72-31.951 83.154 0l239.94 416.028zM288 354c-25.405 0-46 20.595-46 46s20.595 46 46 46 46-20.595 46-46-20.595-46-46-46zm-43.673-165.346l7.418 136c.347 6.364 5.609 11.346 11.982 11.346h48.546c6.373 0 11.635-4.982 11.982-11.346l7.418-136c.375-6.874-5.098-12.654-11.982-12.654h-63.383c-6.884 0-12.356 5.78-11.981 12.654z",
                      ],
                      "iconName": "exclamation-triangle",
                      "prefix": "fas",
                    }
                  }
                  inverse={false}
                  listItem={false}
                  mask={null}
                  pull={null}
                  pulse={false}
                  rotation={null}
                  size="sm"
                  spin={false}
                  swapOpacity={false}
                  symbol={false}
                  title=""
                  transform={null}
                >
                  <svg
                    aria-hidden="true"
                    className="svg-inline--fa fa-exclamation-triangle fa-w-18 fa-sm emotion-0"
                    data-icon="exclamation-triangle"
                    data-prefix="fas"
                    focusable="false"
                    role="img"
                    style={Object {}}
                    viewBox="0 0 576 512"
                    xmlns="http://www.w3.org/2000/svg"
                  >
                    <path
                      d="M569.517 440.013C587.975 472.007 564.806 512 527.94 512H48.054c-36.937 0-59.999-40.055-41.577-71.987L246.423 23.985c18.467-32.009 64.72-31.951 83.154 0l239.94 416.028zM288 354c-25.405 0-46 20.595-46 46s20.595 46 46 46 46-20.595 46-46-20.595-46-46-46zm-43.673-165.346l7.418 136c.347 6.364 5.609 11.346 11.982 11.346h48.546c6.373 0 11.635-4.982 11.982-11.346l7.418-136c.375-6.874-5.098-12.654-11.982-12.654h-63.383c-6.884 0-12.356 5.78-11.981 12.654z"
                      fill="currentColor"
                      style={Object {}}
                    />
                  </svg>
                </FontAwesomeIcon>
              </ExclamationIcon>
            </AllergyIcon>
          </div>
          <div
            className="emotion-5"
          >
            <AllergyTitle
              allergy={
                Object {
                  "assertedDate": Object {
                    "kind": "YEAR",
                    "value": "2013-01-01T00:00:00+00:00",
                  },
                  "category": Array [
                    "ENVIRONMENT",
                  ],
                  "clinicalStatus": "ACTIVE",
                  "code": Object {
                    "coding": Array [
                      Object {
                        "code": "109006",
                        "display": "Dust Mites",
                      },
                    ],
                  },
                  "criticality": "HIGH",
                  "id": "580ca927-34e0-e911-a2c7-005056926fe4|allergyalert",
                  "metadata": Object {
                    "dataSources": Array [
                      Object {
                        "display": "Mock",
                      },
                    ],
                    "isRedacted": false,
                    "requestedWhen": "",
                  },
                  "type": "ALLERGY",
                  "verificationStatus": "CONFIRMED",
                }
              }
            >
              <div
                className="emotion-3"
              >
                Dust Mites
              </div>
            </AllergyTitle>
            <AllergyDescription
              allergy={
                Object {
                  "assertedDate": Object {
                    "kind": "YEAR",
                    "value": "2013-01-01T00:00:00+00:00",
                  },
                  "category": Array [
                    "ENVIRONMENT",
                  ],
                  "clinicalStatus": "ACTIVE",
                  "code": Object {
                    "coding": Array [
                      Object {
                        "code": "109006",
                        "display": "Dust Mites",
                      },
                    ],
                  },
                  "criticality": "HIGH",
                  "id": "580ca927-34e0-e911-a2c7-005056926fe4|allergyalert",
                  "metadata": Object {
                    "dataSources": Array [
                      Object {
                        "display": "Mock",
                      },
                    ],
                    "isRedacted": false,
                    "requestedWhen": "",
                  },
                  "type": "ALLERGY",
                  "verificationStatus": "CONFIRMED",
                }
              }
            >
              <div
                className="emotion-4"
              >
                109006 - Environment - Allergy
              </div>
            </AllergyDescription>
          </div>
          <div
            className="emotion-8"
          >
            <DateSummary
              datetime={
                Object {
                  "kind": "YEAR",
                  "value": "2013-01-01T00:00:00+00:00",
                }
              }
            >
              <div
                className="emotion-6"
              >
                2013
              </div>
            </DateSummary>
            <AllergyStatus
              allergy={
                Object {
                  "assertedDate": Object {
                    "kind": "YEAR",
                    "value": "2013-01-01T00:00:00+00:00",
                  },
                  "category": Array [
                    "ENVIRONMENT",
                  ],
                  "clinicalStatus": "ACTIVE",
                  "code": Object {
                    "coding": Array [
                      Object {
                        "code": "109006",
                        "display": "Dust Mites",
                      },
                    ],
                  },
                  "criticality": "HIGH",
                  "id": "580ca927-34e0-e911-a2c7-005056926fe4|allergyalert",
                  "metadata": Object {
                    "dataSources": Array [
                      Object {
                        "display": "Mock",
                      },
                    ],
                    "isRedacted": false,
                    "requestedWhen": "",
                  },
                  "type": "ALLERGY",
                  "verificationStatus": "CONFIRMED",
                }
              }
            >
              <div
                className="emotion-7"
              >
                Active - Confirmed
              </div>
            </AllergyStatus>
          </div>
        </div>
      </AllergySummaryItem>
    </li>
  </ListItem>
  <ListItem
    key="690ca927-68e0-c511-b2c7-898056926ze4|allergyalert"
  >
    <li>
      <AllergySummaryItem
        allergy={
          Object {
            "assertedDate": Object {
              "kind": "YEAR",
              "value": "2013-01-01T00:00:00+00:00",
            },
            "clinicalStatus": "RESOLVED",
            "code": Object {
              "text": "Kiwi fruit",
            },
            "id": "690ca927-68e0-c511-b2c7-898056926ze4|allergyalert",
            "metadata": Object {
              "dataSources": Array [
                Object {
                  "display": "Mock",
                },
              ],
              "isRedacted": true,
              "requestedWhen": "",
            },
            "type": "INTOLERANCE",
          }
        }
      >
        <div
          className="emotion-9"
          role="link"
        >
          <AllergyRedacted
            allergy={
              Object {
                "assertedDate": Object {
                  "kind": "YEAR",
                  "value": "2013-01-01T00:00:00+00:00",
                },
                "clinicalStatus": "RESOLVED",
                "code": Object {
                  "text": "Kiwi fruit",
                },
                "id": "690ca927-68e0-c511-b2c7-898056926ze4|allergyalert",
                "metadata": Object {
                  "dataSources": Array [
                    Object {
                      "display": "Mock",
                    },
                  ],
                  "isRedacted": true,
                  "requestedWhen": "",
                },
                "type": "INTOLERANCE",
              }
            }
          >
            <div
              className="emotion-11"
            >
              <RedactedDescription>
                <div
                  className="emotion-10"
                >
                  Insufficient privileges
                </div>
              </RedactedDescription>
            </div>
            <div
              className="emotion-13"
            >
              <DateSummary
                datetime={
                  Object {
                    "kind": "YEAR",
                    "value": "2013-01-01T00:00:00+00:00",
                  }
                }
              >
                <div
                  className="emotion-6"
                >
                  2013
                </div>
              </DateSummary>
            </div>
          </AllergyRedacted>
        </div>
      </AllergySummaryItem>
    </li>
  </ListItem>
  <ListItem
    key="690ca927-68e0-c511-b2c7-89804g926fg4|allergyalert"
  >
    <li>
      <AllergySummaryItem
        allergy={
          Object {
            "assertedDate": Object {
              "kind": "YEAR",
              "value": "2015-03-01T00:00:00+00:00",
            },
            "category": Array [
              "MEDICATION",
            ],
            "clinicalStatus": "ACTIVE",
            "code": Object {
              "coding": Array [],
              "text": "Allergic to Penicilin",
            },
            "criticality": "HIGH",
            "id": "690ca927-68e0-c511-b2c7-89804g926fg4|allergyalert",
            "metadata": Object {
              "dataSources": Array [
                Object {
                  "display": "Mock",
                },
              ],
              "isRedacted": false,
              "requestedWhen": "",
            },
            "type": "INTOLERANCE",
          }
        }
      >
        <div
          className="emotion-9"
          role="link"
        >
          <div
            className="emotion-2"
          >
            <AllergyIcon
              allergy={
                Object {
                  "assertedDate": Object {
                    "kind": "YEAR",
                    "value": "2015-03-01T00:00:00+00:00",
                  },
                  "category": Array [
                    "MEDICATION",
                  ],
                  "clinicalStatus": "ACTIVE",
                  "code": Object {
                    "coding": Array [],
                    "text": "Allergic to Penicilin",
                  },
                  "criticality": "HIGH",
                  "id": "690ca927-68e0-c511-b2c7-89804g926fg4|allergyalert",
                  "metadata": Object {
                    "dataSources": Array [
                      Object {
                        "display": "Mock",
                      },
                    ],
                    "isRedacted": false,
                    "requestedWhen": "",
                  },
                  "type": "INTOLERANCE",
                }
              }
            >
              <ExclamationIcon
                size="medium"
                status="red"
              >
                <FontAwesomeIcon
                  border={false}
                  className="emotion-0"
                  fixedWidth={false}
                  flip={null}
                  icon={
                    Object {
                      "icon": Array [
                        576,
                        512,
                        Array [],
                        "f071",
                        "M569.517 440.013C587.975 472.007 564.806 512 527.94 512H48.054c-36.937 0-59.999-40.055-41.577-71.987L246.423 23.985c18.467-32.009 64.72-31.951 83.154 0l239.94 416.028zM288 354c-25.405 0-46 20.595-46 46s20.595 46 46 46 46-20.595 46-46-20.595-46-46-46zm-43.673-165.346l7.418 136c.347 6.364 5.609 11.346 11.982 11.346h48.546c6.373 0 11.635-4.982 11.982-11.346l7.418-136c.375-6.874-5.098-12.654-11.982-12.654h-63.383c-6.884 0-12.356 5.78-11.981 12.654z",
                      ],
                      "iconName": "exclamation-triangle",
                      "prefix": "fas",
                    }
                  }
                  inverse={false}
                  listItem={false}
                  mask={null}
                  pull={null}
                  pulse={false}
                  rotation={null}
                  size="sm"
                  spin={false}
                  swapOpacity={false}
                  symbol={false}
                  title=""
                  transform={null}
                >
                  <svg
                    aria-hidden="true"
                    className="svg-inline--fa fa-exclamation-triangle fa-w-18 fa-sm emotion-0"
                    data-icon="exclamation-triangle"
                    data-prefix="fas"
                    focusable="false"
                    role="img"
                    style={Object {}}
                    viewBox="0 0 576 512"
                    xmlns="http://www.w3.org/2000/svg"
                  >
                    <path
                      d="M569.517 440.013C587.975 472.007 564.806 512 527.94 512H48.054c-36.937 0-59.999-40.055-41.577-71.987L246.423 23.985c18.467-32.009 64.72-31.951 83.154 0l239.94 416.028zM288 354c-25.405 0-46 20.595-46 46s20.595 46 46 46 46-20.595 46-46-20.595-46-46-46zm-43.673-165.346l7.418 136c.347 6.364 5.609 11.346 11.982 11.346h48.546c6.373 0 11.635-4.982 11.982-11.346l7.418-136c.375-6.874-5.098-12.654-11.982-12.654h-63.383c-6.884 0-12.356 5.78-11.981 12.654z"
                      fill="currentColor"
                      style={Object {}}
                    />
                  </svg>
                </FontAwesomeIcon>
              </ExclamationIcon>
            </AllergyIcon>
          </div>
          <div
            className="emotion-5"
          >
            <AllergyTitle
              allergy={
                Object {
                  "assertedDate": Object {
                    "kind": "YEAR",
                    "value": "2015-03-01T00:00:00+00:00",
                  },
                  "category": Array [
                    "MEDICATION",
                  ],
                  "clinicalStatus": "ACTIVE",
                  "code": Object {
                    "coding": Array [],
                    "text": "Allergic to Penicilin",
                  },
                  "criticality": "HIGH",
                  "id": "690ca927-68e0-c511-b2c7-89804g926fg4|allergyalert",
                  "metadata": Object {
                    "dataSources": Array [
                      Object {
                        "display": "Mock",
                      },
                    ],
                    "isRedacted": false,
                    "requestedWhen": "",
                  },
                  "type": "INTOLERANCE",
                }
              }
            >
              <div
                className="emotion-3"
              >
                Allergic to Penicilin
              </div>
            </AllergyTitle>
            <AllergyDescription
              allergy={
                Object {
                  "assertedDate": Object {
                    "kind": "YEAR",
                    "value": "2015-03-01T00:00:00+00:00",
                  },
                  "category": Array [
                    "MEDICATION",
                  ],
                  "clinicalStatus": "ACTIVE",
                  "code": Object {
                    "coding": Array [],
                    "text": "Allergic to Penicilin",
                  },
                  "criticality": "HIGH",
                  "id": "690ca927-68e0-c511-b2c7-89804g926fg4|allergyalert",
                  "metadata": Object {
                    "dataSources": Array [
                      Object {
                        "display": "Mock",
                      },
                    ],
                    "isRedacted": false,
                    "requestedWhen": "",
                  },
                  "type": "INTOLERANCE",
                }
              }
            >
              <div
                className="emotion-4"
              >
                Medication - Intolerance
              </div>
            </AllergyDescription>
          </div>
          <div
            className="emotion-8"
          >
            <DateSummary
              datetime={
                Object {
                  "kind": "YEAR",
                  "value": "2015-03-01T00:00:00+00:00",
                }
              }
            >
              <div
                className="emotion-6"
              >
                2015
              </div>
            </DateSummary>
            <AllergyStatus
              allergy={
                Object {
                  "assertedDate": Object {
                    "kind": "YEAR",
                    "value": "2015-03-01T00:00:00+00:00",
                  },
                  "category": Array [
                    "MEDICATION",
                  ],
                  "clinicalStatus": "ACTIVE",
                  "code": Object {
                    "coding": Array [],
                    "text": "Allergic to Penicilin",
                  },
                  "criticality": "HIGH",
                  "id": "690ca927-68e0-c511-b2c7-89804g926fg4|allergyalert",
                  "metadata": Object {
                    "dataSources": Array [
                      Object {
                        "display": "Mock",
                      },
                    ],
                    "isRedacted": false,
                    "requestedWhen": "",
                  },
                  "type": "INTOLERANCE",
                }
              }
            >
              <div
                className="emotion-7"
              >
                Active
              </div>
            </AllergyStatus>
          </div>
        </div>
      </AllergySummaryItem>
    </li>
  </ListItem>
</AllergySummary>
`;
