// Jest Snapshot v1, https://goo.gl/fbAQLP

exports[`Card matches snapshot: wrapper mount 1`] = `
Array [
  .emotion-3 {
  color: #231f20;
  font-family: 'SF Pro Text','SF Pro Icons','Helvetica Neue',Helvetica,Arial,sans-serif;
  font-size: 0.8rem;
  background: #FFFFFF;
  color: #231f20;
  margin-bottom: 1rem;
  border-radius: 4px;
  box-shadow: 0px 2px 1px -1px rgba(102,102,102,0.1), 0px 1px 1px 0px rgba(102,102,102,0.15), 0px 1px 3px 0px rgba(102,102,102,.6);
  -webkit-font-smoothing: antialiased;
}

.emotion-3 *,
.emotion-3 ::before,
.emotion-3 ::after {
  box-sizing: border-box;
  padding: 0;
  margin: 0;
}

.emotion-3 * {
  margin: 0;
  padding: 0;
}

.emotion-3 h3 {
  font-size: 1rem;
}

@media only screen and (min-width:768px) {
  .emotion-3 {
    font-size: 0.9rem;
  }

  .emotion-3 h3 {
    font-size: 1.1rem;
  }
}

@media only screen and (min-width:1024px) {
  .emotion-3 {
    font-size: 1rem;
  }

  .emotion-3 h3 {
    font-size: 1.2rem;
  }
}

@media only screen and (min-width:1200px) {
  .emotion-3 {
    font-size: 1.1rem;
  }

  .emotion-3 h3 {
    font-size: 1.3rem;
  }
}

.emotion-0 {
  display: -webkit-box;
  display: -webkit-flex;
  display: -ms-flexbox;
  display: flex;
  -webkit-box-pack: justify;
  -webkit-justify-content: space-between;
  -ms-flex-pack: justify;
  justify-content: space-between;
  padding: 0.5rem !important;
}

.emotion-1 {
  padding: 0 0.5rem 0 0.5rem !important;
}

.emotion-1 > dl:first-of-type {
  margin-top: 0 !important;
}

.emotion-2 {
  padding: 0 0.5rem 0 0.5rem !important;
}

<Card>
    <div
      className="emotion-3"
    >
      <CardHeader>
        <div
          className="emotion-0"
          onClick={[Function]}
          title=""
        >
          <h3>
            Heading
          </h3>
        </div>
      </CardHeader>
      <CardBody>
        <div
          className="emotion-1"
        >
          Body
        </div>
      </CardBody>
      <CardFooter>
        <div
          className="emotion-2"
        >
          Footer
        </div>
      </CardFooter>
    </div>
  </Card>,
  .emotion-3 {
  color: #231f20;
  font-family: 'SF Pro Text','SF Pro Icons','Helvetica Neue',Helvetica,Arial,sans-serif;
  font-size: 0.8rem;
  background: #FFFFFF;
  color: #231f20;
  margin-bottom: 1rem;
  border-radius: 4px;
  box-shadow: 0px 2px 1px -1px rgba(102,102,102,0.1), 0px 1px 1px 0px rgba(102,102,102,0.15), 0px 1px 3px 0px rgba(102,102,102,.6);
  -webkit-font-smoothing: antialiased;
}

.emotion-3 *,
.emotion-3 ::before,
.emotion-3 ::after {
  box-sizing: border-box;
  padding: 0;
  margin: 0;
}

.emotion-3 * {
  margin: 0;
  padding: 0;
}

.emotion-3 h3 {
  font-size: 1rem;
}

@media only screen and (min-width:768px) {
  .emotion-3 {
    font-size: 0.9rem;
  }

  .emotion-3 h3 {
    font-size: 1.1rem;
  }
}

@media only screen and (min-width:1024px) {
  .emotion-3 {
    font-size: 1rem;
  }

  .emotion-3 h3 {
    font-size: 1.2rem;
  }
}

@media only screen and (min-width:1200px) {
  .emotion-3 {
    font-size: 1.1rem;
  }

  .emotion-3 h3 {
    font-size: 1.3rem;
  }
}

.emotion-0 {
  display: -webkit-box;
  display: -webkit-flex;
  display: -ms-flexbox;
  display: flex;
  -webkit-box-pack: justify;
  -webkit-justify-content: space-between;
  -ms-flex-pack: justify;
  justify-content: space-between;
  padding: 0.5rem !important;
}

.emotion-2 {
  padding: 0 0.5rem 0 0.5rem !important;
}

.emotion-1 {
  list-style: none;
}

.emotion-1 li {
  border-top: 1px solid #d8d8d8;
  padding: 0.5rem 0.5rem 0.5rem 0;
  margin-right: -0.5rem;
}

.emotion-1 #banner {
  margin-left: -0.5rem;
  margin-right: -0.5rem;
}

.emotion-1 #banner + li {
  border-top: 0px !important;
}

<Card>
    <div
      className="emotion-3"
    >
      <CardHeader>
        <div
          className="emotion-0"
          onClick={[Function]}
          title=""
        >
          <h3>
            Heading
          </h3>
        </div>
      </CardHeader>
      <CardList>
        <ul
          className="emotion-1"
        >
          <ListItem>
            <li>
              Item 1
            </li>
          </ListItem>
          <ListItem>
            <li>
              Item 2
            </li>
          </ListItem>
        </ul>
      </CardList>
      <CardFooter>
        <div
          className="emotion-2"
        >
          Footer
        </div>
      </CardFooter>
    </div>
  </Card>,
]
`;
