// Jest Snapshot v1, https://goo.gl/fbAQLP

exports[`FlagSummary matches snapshot: wrapper mount 1`] = `
.emotion-4 {
  display: -webkit-box;
  display: -webkit-flex;
  display: -ms-flexbox;
  display: flex;
  -webkit-box-pack: center;
  -webkit-justify-content: center;
  -ms-flex-pack: center;
  justify-content: center;
}

.emotion-1 {
  -webkit-box-flex: 1;
  -webkit-flex-grow: 1;
  -ms-flex-positive: 1;
  flex-grow: 1;
  text-align: left;
}

.emotion-0 {
  color: #768692;
}

.emotion-3 {
  text-align: right;
}

.emotion-2 {
  color: #231f20;
}

.emotion-7 {
  -webkit-box-flex: 1;
  -webkit-flex-grow: 1;
  -ms-flex-positive: 1;
  flex-grow: 1;
}

.emotion-5 {
  color: #231f20;
  text-align: left;
}

.emotion-6 {
  color: #768692;
  text-align: left;
  font-size: smaller;
  padding-top: 0.25rem;
}

.emotion-10 {
  text-align: right;
}

.emotion-9 {
  color: #768692;
  text-align: right;
  font-size: smaller;
  padding-top: 0.25rem;
}

<Sut>
  <div
    key="580ca927-34e0-e911-a2c7-005056926fe5|personalertandhazard"
  >
    <FlagSummary
      flag={
        Object {
          "author": Object {
            "display": "Smith, John (Dr)",
            "identifier": undefined,
            "reference": "https://phoenixqa.careworks.ie/Services/api/fhir/v3/practitioner/9c1ad2c0-ec34-e911-a2c5-005056926fe4|systemuser",
            "typeName": "Practitioner",
          },
          "category": Object {
            "coding": Array [
              Object {
                "code": "66706",
                "display": "Location",
              },
              Object {
                "code": "66707",
                "display": "Demographics",
              },
            ],
          },
          "code": Object {
            "coding": Array [
              Object {
                "code": "109006",
                "display": "Lives in Known High Risk Area",
              },
            ],
          },
          "id": "580ca927-34e0-e911-a2c7-005056926fe5|personalertandhazard",
          "metadata": Object {
            "dataSources": Array [
              Object {
                "display": "Mock",
              },
            ],
            "isRedacted": true,
            "requestedWhen": "",
          },
          "period": Object {
            "start": Object {
              "kind": "YEAR",
              "value": "2013-01-01T00:00:00+00:00",
            },
          },
          "status": "ENTERED_IN_ERROR",
          "text": Object {
            "div": "Lorem ipsum dolor sit amet",
            "text": "Lorem ipsum dolor sit amet, falli nulla oportere vel eu. Ea meis moderatius scripserit his, ei decore ceteros has. Quo at apeirian facilisi consectetuer. At putant animal persius his, inani maiestatis moderatius vis no",
          },
        }
      }
    >
      <Styled(div)>
        <div
          className="emotion-4"
        >
          <FlagRedacted
            flag={
              Object {
                "author": Object {
                  "display": "Smith, John (Dr)",
                  "identifier": undefined,
                  "reference": "https://phoenixqa.careworks.ie/Services/api/fhir/v3/practitioner/9c1ad2c0-ec34-e911-a2c5-005056926fe4|systemuser",
                  "typeName": "Practitioner",
                },
                "category": Object {
                  "coding": Array [
                    Object {
                      "code": "66706",
                      "display": "Location",
                    },
                    Object {
                      "code": "66707",
                      "display": "Demographics",
                    },
                  ],
                },
                "code": Object {
                  "coding": Array [
                    Object {
                      "code": "109006",
                      "display": "Lives in Known High Risk Area",
                    },
                  ],
                },
                "id": "580ca927-34e0-e911-a2c7-005056926fe5|personalertandhazard",
                "metadata": Object {
                  "dataSources": Array [
                    Object {
                      "display": "Mock",
                    },
                  ],
                  "isRedacted": true,
                  "requestedWhen": "",
                },
                "period": Object {
                  "start": Object {
                    "kind": "YEAR",
                    "value": "2013-01-01T00:00:00+00:00",
                  },
                },
                "status": "ENTERED_IN_ERROR",
                "text": Object {
                  "div": "Lorem ipsum dolor sit amet",
                  "text": "Lorem ipsum dolor sit amet, falli nulla oportere vel eu. Ea meis moderatius scripserit his, ei decore ceteros has. Quo at apeirian facilisi consectetuer. At putant animal persius his, inani maiestatis moderatius vis no",
                },
              }
            }
          >
            <div
              className="emotion-1"
            >
              <RedactedDescription>
                <div
                  className="emotion-0"
                >
                  Insufficient privileges
                </div>
              </RedactedDescription>
            </div>
            <div
              className="emotion-3"
            >
              <PeriodSummary
                period={
                  Object {
                    "start": Object {
                      "kind": "YEAR",
                      "value": "2013-01-01T00:00:00+00:00",
                    },
                  }
                }
              >
                <div
                  className="emotion-2"
                >
                  2013 to Present
                </div>
              </PeriodSummary>
            </div>
          </FlagRedacted>
        </div>
      </Styled(div)>
    </FlagSummary>
  </div>
  <div
    key="580ca927-34e0-e911-a2c7-005056926fe4|personalertandhazard"
  >
    <FlagSummary
      flag={
        Object {
          "author": Object {
            "display": "John Smith",
            "identifier": undefined,
            "reference": "https://phoenixqa.careworks.ie/Services/api/fhir/v3/practitioner/9c1ad2c0-ec34-e911-a2c5-005056926fe4|systemuser",
            "typeName": "Practitioner",
          },
          "category": Object {
            "coding": Array [
              Object {
                "code": "66706",
                "display": "Violence",
              },
            ],
          },
          "code": Object {
            "coding": Array [
              Object {
                "code": "56706",
                "display": "High Risk of Violence",
              },
            ],
          },
          "id": "580ca927-34e0-e911-a2c7-005056926fe4|personalertandhazard",
          "metadata": Object {
            "dataSources": Array [
              Object {
                "display": "Mock",
              },
            ],
            "isRedacted": false,
            "requestedWhen": "",
          },
          "period": Object {
            "end": Object {
              "kind": "DATE",
              "value": "2014-02-02T00:00:00+00:00",
            },
            "start": Object {
              "kind": "DATE",
              "value": "2013-01-01T00:00:00+00:00",
            },
          },
          "status": "INACTIVE",
        }
      }
    >
      <Styled(div)>
        <div
          className="emotion-4"
        >
          <Styled(div)>
            <div
              className="emotion-7"
            >
              <FlagTitle
                flag={
                  Object {
                    "author": Object {
                      "display": "John Smith",
                      "identifier": undefined,
                      "reference": "https://phoenixqa.careworks.ie/Services/api/fhir/v3/practitioner/9c1ad2c0-ec34-e911-a2c5-005056926fe4|systemuser",
                      "typeName": "Practitioner",
                    },
                    "category": Object {
                      "coding": Array [
                        Object {
                          "code": "66706",
                          "display": "Violence",
                        },
                      ],
                    },
                    "code": Object {
                      "coding": Array [
                        Object {
                          "code": "56706",
                          "display": "High Risk of Violence",
                        },
                      ],
                    },
                    "id": "580ca927-34e0-e911-a2c7-005056926fe4|personalertandhazard",
                    "metadata": Object {
                      "dataSources": Array [
                        Object {
                          "display": "Mock",
                        },
                      ],
                      "isRedacted": false,
                      "requestedWhen": "",
                    },
                    "period": Object {
                      "end": Object {
                        "kind": "DATE",
                        "value": "2014-02-02T00:00:00+00:00",
                      },
                      "start": Object {
                        "kind": "DATE",
                        "value": "2013-01-01T00:00:00+00:00",
                      },
                    },
                    "status": "INACTIVE",
                  }
                }
              >
                <div
                  className="emotion-5"
                >
                  High Risk of Violence
                </div>
              </FlagTitle>
              <FlagDescription
                flag={
                  Object {
                    "author": Object {
                      "display": "John Smith",
                      "identifier": undefined,
                      "reference": "https://phoenixqa.careworks.ie/Services/api/fhir/v3/practitioner/9c1ad2c0-ec34-e911-a2c5-005056926fe4|systemuser",
                      "typeName": "Practitioner",
                    },
                    "category": Object {
                      "coding": Array [
                        Object {
                          "code": "66706",
                          "display": "Violence",
                        },
                      ],
                    },
                    "code": Object {
                      "coding": Array [
                        Object {
                          "code": "56706",
                          "display": "High Risk of Violence",
                        },
                      ],
                    },
                    "id": "580ca927-34e0-e911-a2c7-005056926fe4|personalertandhazard",
                    "metadata": Object {
                      "dataSources": Array [
                        Object {
                          "display": "Mock",
                        },
                      ],
                      "isRedacted": false,
                      "requestedWhen": "",
                    },
                    "period": Object {
                      "end": Object {
                        "kind": "DATE",
                        "value": "2014-02-02T00:00:00+00:00",
                      },
                      "start": Object {
                        "kind": "DATE",
                        "value": "2013-01-01T00:00:00+00:00",
                      },
                    },
                    "status": "INACTIVE",
                  }
                }
              >
                <div
                  className="emotion-6"
                >
                  56706 - Violence
                </div>
              </FlagDescription>
            </div>
          </Styled(div)>
          <Styled(div)>
            <div
              className="emotion-10"
            >
              <PeriodSummary
                period={
                  Object {
                    "end": Object {
                      "kind": "DATE",
                      "value": "2014-02-02T00:00:00+00:00",
                    },
                    "start": Object {
                      "kind": "DATE",
                      "value": "2013-01-01T00:00:00+00:00",
                    },
                  }
                }
              >
                <div
                  className="emotion-2"
                >
                  Jan-01,-2013 to Feb-02,-2014
                </div>
              </PeriodSummary>
              <FlagStatus
                flag={
                  Object {
                    "author": Object {
                      "display": "John Smith",
                      "identifier": undefined,
                      "reference": "https://phoenixqa.careworks.ie/Services/api/fhir/v3/practitioner/9c1ad2c0-ec34-e911-a2c5-005056926fe4|systemuser",
                      "typeName": "Practitioner",
                    },
                    "category": Object {
                      "coding": Array [
                        Object {
                          "code": "66706",
                          "display": "Violence",
                        },
                      ],
                    },
                    "code": Object {
                      "coding": Array [
                        Object {
                          "code": "56706",
                          "display": "High Risk of Violence",
                        },
                      ],
                    },
                    "id": "580ca927-34e0-e911-a2c7-005056926fe4|personalertandhazard",
                    "metadata": Object {
                      "dataSources": Array [
                        Object {
                          "display": "Mock",
                        },
                      ],
                      "isRedacted": false,
                      "requestedWhen": "",
                    },
                    "period": Object {
                      "end": Object {
                        "kind": "DATE",
                        "value": "2014-02-02T00:00:00+00:00",
                      },
                      "start": Object {
                        "kind": "DATE",
                        "value": "2013-01-01T00:00:00+00:00",
                      },
                    },
                    "status": "INACTIVE",
                  }
                }
              >
                <div
                  className="emotion-9"
                >
                  Inactive
                </div>
              </FlagStatus>
            </div>
          </Styled(div)>
        </div>
      </Styled(div)>
    </FlagSummary>
  </div>
</Sut>
`;
